// Jest Snapshot v1, https://goo.gl/fbAQLP

exports[`Pitchbar rendering tests/snapshot should match snapshot 1`] = `
Object {
  "asFragment": [Function],
  "baseElement": <body>
    <div>
      <div>
        <div>
          <img
            src="assets/icon_seta_esquerda.svg"
          />
        </div>
        <div>
          <img
            src="/assets/logo_nike_snkrs.svg"
          />
          <span>
            Fique por dentro dos lançamentos
             
            <b>
              <u>
                SNKRS
              </u>
            </b>
          </span>
        </div>
        <div>
          <img
            src="assets/icon_seta_direita.svg"
          />
        </div>
      </div>
    </div>
  </body>,
  "container": <div>
    <div>
      <div>
        <img
          src="assets/icon_seta_esquerda.svg"
        />
      </div>
      <div>
        <img
          src="/assets/logo_nike_snkrs.svg"
        />
        <span>
          Fique por dentro dos lançamentos
           
          <b>
            <u>
              SNKRS
            </u>
          </b>
        </span>
      </div>
      <div>
        <img
          src="assets/icon_seta_direita.svg"
        />
      </div>
    </div>
  </div>,
  "debug": [Function],
  "findAllByAltText": [Function],
  "findAllByDisplayValue": [Function],
  "findAllByLabelText": [Function],
  "findAllByPlaceholderText": [Function],
  "findAllByRole": [Function],
  "findAllByTestId": [Function],
  "findAllByText": [Function],
  "findAllByTitle": [Function],
  "findByAltText": [Function],
  "findByDisplayValue": [Function],
  "findByLabelText": [Function],
  "findByPlaceholderText": [Function],
  "findByRole": [Function],
  "findByTestId": [Function],
  "findByText": [Function],
  "findByTitle": [Function],
  "getAllByAltText": [Function],
  "getAllByDisplayValue": [Function],
  "getAllByLabelText": [Function],
  "getAllByPlaceholderText": [Function],
  "getAllByRole": [Function],
  "getAllByTestId": [Function],
  "getAllByText": [Function],
  "getAllByTitle": [Function],
  "getByAltText": [Function],
  "getByDisplayValue": [Function],
  "getByLabelText": [Function],
  "getByPlaceholderText": [Function],
  "getByRole": [Function],
  "getByTestId": [Function],
  "getByText": [Function],
  "getByTitle": [Function],
  "queryAllByAltText": [Function],
  "queryAllByDisplayValue": [Function],
  "queryAllByLabelText": [Function],
  "queryAllByPlaceholderText": [Function],
  "queryAllByRole": [Function],
  "queryAllByTestId": [Function],
  "queryAllByText": [Function],
  "queryAllByTitle": [Function],
  "queryByAltText": [Function],
  "queryByDisplayValue": [Function],
  "queryByLabelText": [Function],
  "queryByPlaceholderText": [Function],
  "queryByRole": [Function],
  "queryByTestId": [Function],
  "queryByText": [Function],
  "queryByTitle": [Function],
  "rerender": [Function],
  "unmount": [Function],
}
`;
