// Jest Snapshot v1, https://goo.gl/fbAQLP

exports[`Subheader rendering tests/snapshot should match snapshot 1`] = `
Object {
  "asFragment": [Function],
  "baseElement": <body>
    <div>
      <div>
        <div>
          <img
            src="/assets/logo_Jordan.svg"
          />
          <img
            src="/assets/logo_snkrs.svg"
          />
        </div>
        <ul>
          <li>
            <a
              href="#"
            >
              Ajuda
            </a>
          </li>
          <li>
            |
          </li>
          <li>
            <a
              href="#"
            >
              Acompanhe seu pedido
            </a>
          </li>
          <li>
            |
          </li>
          <li>
            <a
              href="#"
            >
              Junte-se a nós
            </a>
          </li>
          <li>
            |
          </li>
          <li>
            <a
              href="#"
            >
              Entrar
            </a>
          </li>
        </ul>
      </div>
    </div>
  </body>,
  "container": <div>
    <div>
      <div>
        <img
          src="/assets/logo_Jordan.svg"
        />
        <img
          src="/assets/logo_snkrs.svg"
        />
      </div>
      <ul>
        <li>
          <a
            href="#"
          >
            Ajuda
          </a>
        </li>
        <li>
          |
        </li>
        <li>
          <a
            href="#"
          >
            Acompanhe seu pedido
          </a>
        </li>
        <li>
          |
        </li>
        <li>
          <a
            href="#"
          >
            Junte-se a nós
          </a>
        </li>
        <li>
          |
        </li>
        <li>
          <a
            href="#"
          >
            Entrar
          </a>
        </li>
      </ul>
    </div>
  </div>,
  "debug": [Function],
  "findAllByAltText": [Function],
  "findAllByDisplayValue": [Function],
  "findAllByLabelText": [Function],
  "findAllByPlaceholderText": [Function],
  "findAllByRole": [Function],
  "findAllByTestId": [Function],
  "findAllByText": [Function],
  "findAllByTitle": [Function],
  "findByAltText": [Function],
  "findByDisplayValue": [Function],
  "findByLabelText": [Function],
  "findByPlaceholderText": [Function],
  "findByRole": [Function],
  "findByTestId": [Function],
  "findByText": [Function],
  "findByTitle": [Function],
  "getAllByAltText": [Function],
  "getAllByDisplayValue": [Function],
  "getAllByLabelText": [Function],
  "getAllByPlaceholderText": [Function],
  "getAllByRole": [Function],
  "getAllByTestId": [Function],
  "getAllByText": [Function],
  "getAllByTitle": [Function],
  "getByAltText": [Function],
  "getByDisplayValue": [Function],
  "getByLabelText": [Function],
  "getByPlaceholderText": [Function],
  "getByRole": [Function],
  "getByTestId": [Function],
  "getByText": [Function],
  "getByTitle": [Function],
  "queryAllByAltText": [Function],
  "queryAllByDisplayValue": [Function],
  "queryAllByLabelText": [Function],
  "queryAllByPlaceholderText": [Function],
  "queryAllByRole": [Function],
  "queryAllByTestId": [Function],
  "queryAllByText": [Function],
  "queryAllByTitle": [Function],
  "queryByAltText": [Function],
  "queryByDisplayValue": [Function],
  "queryByLabelText": [Function],
  "queryByPlaceholderText": [Function],
  "queryByRole": [Function],
  "queryByTestId": [Function],
  "queryByText": [Function],
  "queryByTitle": [Function],
  "rerender": [Function],
  "unmount": [Function],
}
`;
