// Jest Snapshot v1, https://goo.gl/fbAQLP

exports[`Footer rendering tests/snapshot should match snapshot 1`] = `
Object {
  "asFragment": [Function],
  "baseElement": <body>
    <div>
      <footer>
        <div
          class="ant-row"
          role="row"
        >
          <div
            class="ant-col ant-col-6"
            role="cell"
          >
            <p>
              <a
                href="#"
              >
                Encontre uma loja da nike
              </a>
            </p>
            <p>
              <a
                href="#"
              >
                Cadastre-se para receber novidades
              </a>
            </p>
            <p>
              <a
                href="#"
              >
                Mapa do site
              </a>
            </p>
          </div>
          <div
            class="ant-col ant-col-6"
            role="cell"
          >
            <h2>
              Ajuda
            </h2>
            <p>
              <a
                href="#"
              >
                Dúvidas Gerais
              </a>
            </p>
            <p>
              <a
                href="#"
              >
                Encontre seu Tamanho
              </a>
            </p>
            <p>
              <a
                href="#"
              >
                Entregas
              </a>
            </p>
            <p>
              <a
                href="#"
              >
                Pedidos
              </a>
            </p>
            <p>
              <a
                href="#"
              >
                Trocas e Devoluções
              </a>
            </p>
            <p>
              <a
                href="#"
              >
                Editar consentimento
              </a>
            </p>
            <p>
              <a
                href="#"
              >
                Preferências de Cookie
              </a>
            </p>
            <p>
              <a
                href="#"
              >
                Pagamentos
              </a>
            </p>
            <p>
              <a
                href="#"
              >
                Produtos
              </a>
            </p>
            <p>
              <a
                href="#"
              >
                Corporativo
              </a>
            </p>
            <p>
              <a
                href="#"
              >
                Fale Conosco
              </a>
            </p>
          </div>
          <div
            class="ant-col ant-col-6"
            role="cell"
          >
            <h2>
              Sobre a nike
            </h2>
            <p>
              <a
                href="#"
              >
                Feito para Jogar
              </a>
            </p>
            <p>
              <a
                href="#"
              >
                Sustentabilidade
              </a>
            </p>
          </div>
          <div
            class="ant-col ant-col-6"
            role="cell"
          >
            <h2>
              Redes sociais
            </h2>
            <img
              src="/assets/logo_redes_sociais_facebook.svg"
            />
            <img
              src="/assets/logo_redes_sociais_instagram.svg"
            />
            <img
              src="/assets/logo_redes_sociais_youtube.svg"
            />
            <h2>
              Formas de pagamento
            </h2>
            <img
              src="/assets/pgto_Mastercard.svg"
            />
            <img
              src="/assets/pgto_Visa.svg"
            />
            <img
              src="/assets/pgto_Amex.svg"
            />
            <img
              src="/assets/pgto_Elo.svg"
            />
            <img
              src="/assets/pgto_Hipercard.svg"
            />
            <img
              src="/assets/pgto_Discover.svg"
            />
            <img
              src="/assets/pgto_Boleto.svg"
            />
          </div>
        </div>
      </footer>
    </div>
  </body>,
  "container": <div>
    <footer>
      <div
        class="ant-row"
        role="row"
      >
        <div
          class="ant-col ant-col-6"
          role="cell"
        >
          <p>
            <a
              href="#"
            >
              Encontre uma loja da nike
            </a>
          </p>
          <p>
            <a
              href="#"
            >
              Cadastre-se para receber novidades
            </a>
          </p>
          <p>
            <a
              href="#"
            >
              Mapa do site
            </a>
          </p>
        </div>
        <div
          class="ant-col ant-col-6"
          role="cell"
        >
          <h2>
            Ajuda
          </h2>
          <p>
            <a
              href="#"
            >
              Dúvidas Gerais
            </a>
          </p>
          <p>
            <a
              href="#"
            >
              Encontre seu Tamanho
            </a>
          </p>
          <p>
            <a
              href="#"
            >
              Entregas
            </a>
          </p>
          <p>
            <a
              href="#"
            >
              Pedidos
            </a>
          </p>
          <p>
            <a
              href="#"
            >
              Trocas e Devoluções
            </a>
          </p>
          <p>
            <a
              href="#"
            >
              Editar consentimento
            </a>
          </p>
          <p>
            <a
              href="#"
            >
              Preferências de Cookie
            </a>
          </p>
          <p>
            <a
              href="#"
            >
              Pagamentos
            </a>
          </p>
          <p>
            <a
              href="#"
            >
              Produtos
            </a>
          </p>
          <p>
            <a
              href="#"
            >
              Corporativo
            </a>
          </p>
          <p>
            <a
              href="#"
            >
              Fale Conosco
            </a>
          </p>
        </div>
        <div
          class="ant-col ant-col-6"
          role="cell"
        >
          <h2>
            Sobre a nike
          </h2>
          <p>
            <a
              href="#"
            >
              Feito para Jogar
            </a>
          </p>
          <p>
            <a
              href="#"
            >
              Sustentabilidade
            </a>
          </p>
        </div>
        <div
          class="ant-col ant-col-6"
          role="cell"
        >
          <h2>
            Redes sociais
          </h2>
          <img
            src="/assets/logo_redes_sociais_facebook.svg"
          />
          <img
            src="/assets/logo_redes_sociais_instagram.svg"
          />
          <img
            src="/assets/logo_redes_sociais_youtube.svg"
          />
          <h2>
            Formas de pagamento
          </h2>
          <img
            src="/assets/pgto_Mastercard.svg"
          />
          <img
            src="/assets/pgto_Visa.svg"
          />
          <img
            src="/assets/pgto_Amex.svg"
          />
          <img
            src="/assets/pgto_Elo.svg"
          />
          <img
            src="/assets/pgto_Hipercard.svg"
          />
          <img
            src="/assets/pgto_Discover.svg"
          />
          <img
            src="/assets/pgto_Boleto.svg"
          />
        </div>
      </div>
    </footer>
  </div>,
  "debug": [Function],
  "findAllByAltText": [Function],
  "findAllByDisplayValue": [Function],
  "findAllByLabelText": [Function],
  "findAllByPlaceholderText": [Function],
  "findAllByRole": [Function],
  "findAllByTestId": [Function],
  "findAllByText": [Function],
  "findAllByTitle": [Function],
  "findByAltText": [Function],
  "findByDisplayValue": [Function],
  "findByLabelText": [Function],
  "findByPlaceholderText": [Function],
  "findByRole": [Function],
  "findByTestId": [Function],
  "findByText": [Function],
  "findByTitle": [Function],
  "getAllByAltText": [Function],
  "getAllByDisplayValue": [Function],
  "getAllByLabelText": [Function],
  "getAllByPlaceholderText": [Function],
  "getAllByRole": [Function],
  "getAllByTestId": [Function],
  "getAllByText": [Function],
  "getAllByTitle": [Function],
  "getByAltText": [Function],
  "getByDisplayValue": [Function],
  "getByLabelText": [Function],
  "getByPlaceholderText": [Function],
  "getByRole": [Function],
  "getByTestId": [Function],
  "getByText": [Function],
  "getByTitle": [Function],
  "queryAllByAltText": [Function],
  "queryAllByDisplayValue": [Function],
  "queryAllByLabelText": [Function],
  "queryAllByPlaceholderText": [Function],
  "queryAllByRole": [Function],
  "queryAllByTestId": [Function],
  "queryAllByText": [Function],
  "queryAllByTitle": [Function],
  "queryByAltText": [Function],
  "queryByDisplayValue": [Function],
  "queryByLabelText": [Function],
  "queryByPlaceholderText": [Function],
  "queryByRole": [Function],
  "queryByTestId": [Function],
  "queryByText": [Function],
  "queryByTitle": [Function],
  "rerender": [Function],
  "unmount": [Function],
}
`;
